Archive member included to satisfy reference by file (symbol)

build/lib/libkernel.a(kextras.o)
                              build/kernel/procs.o (put_char_or_code)
build/lib/libcommon.a(cblkmov.o)
                              build/kernel/syscalls.o (blkmov)
build/lib/libcommon.a(cbound.o)
                              build/kernel/cio.o (bound)
build/lib/libcommon.a(ccvtdec.o)
                              build/kernel/cio.o (cvtdec)
build/lib/libcommon.a(ccvtdec0.o)
                              build/lib/libcommon.a(ccvtdec.o) (cvtdec0)
build/lib/libcommon.a(ccvthex.o)
                              build/kernel/cio.o (cvthex)
build/lib/libcommon.a(ccvtoct.o)
                              build/kernel/cio.o (cvtoct)
build/lib/libcommon.a(ccvtuns.o)
                              build/kernel/cio.o (cvtuns)
build/lib/libcommon.a(ccvtuns0.o)
                              build/lib/libcommon.a(ccvtuns.o) (cvtuns0)
build/lib/libcommon.a(cmemclr.o)
                              build/kernel/kmem.o (memclr)
build/lib/libcommon.a(cmemcpy.o)
                              build/kernel/procs.o (memcpy)
build/lib/libcommon.a(cmemmove.o)
                              build/kernel/stacks.o (memmove)
build/lib/libcommon.a(cmemset.o)
                              build/kernel/queues.o (memset)
build/lib/libcommon.a(csprint.o)
                              build/kernel/cio.o (sprint)
build/lib/libcommon.a(cstrcmp.o)
                              build/kernel/stacks.o (strcmp)
build/lib/libcommon.a(cstrlen.o)
                              build/kernel/cio.o (strlen)
build/lib/libcommon.a(cpadstr.o)
                              build/lib/libcommon.a(csprint.o) (padstr)
build/lib/libcommon.a(cpad.o)
                              build/lib/libcommon.a(cpadstr.o) (pad)

Discarded input sections

 .note.GNU-stack
                0x0000000000000000        0x0 build/kernel/entry.o
 .note.GNU-stack
                0x0000000000000000        0x0 build/kernel/isrs.o
 .comment       0x0000000000000000       0x2e build/kernel/cio.o
 .note.GNU-stack
                0x0000000000000000        0x0 build/kernel/cio.o
 .eh_frame      0x0000000000000000      0x358 build/kernel/cio.o
 .comment       0x0000000000000000       0x2e build/kernel/clock.o
 .note.GNU-stack
                0x0000000000000000        0x0 build/kernel/clock.o
 .eh_frame      0x0000000000000000       0x68 build/kernel/clock.o
 .comment       0x0000000000000000       0x2e build/kernel/kernel.o
 .note.GNU-stack
                0x0000000000000000        0x0 build/kernel/kernel.o
 .eh_frame      0x0000000000000000       0x70 build/kernel/kernel.o
 .comment       0x0000000000000000       0x2e build/kernel/kmem.o
 .note.GNU-stack
                0x0000000000000000        0x0 build/kernel/kmem.o
 .eh_frame      0x0000000000000000      0x140 build/kernel/kmem.o
 .comment       0x0000000000000000       0x2e build/kernel/list.o
 .note.GNU-stack
                0x0000000000000000        0x0 build/kernel/list.o
 .eh_frame      0x0000000000000000       0x58 build/kernel/list.o
 .comment       0x0000000000000000       0x2e build/kernel/procs.o
 .note.GNU-stack
                0x0000000000000000        0x0 build/kernel/procs.o
 .eh_frame      0x0000000000000000      0x270 build/kernel/procs.o
 .comment       0x0000000000000000       0x2e build/kernel/queues.o
 .note.GNU-stack
                0x0000000000000000        0x0 build/kernel/queues.o
 .eh_frame      0x0000000000000000      0x1d4 build/kernel/queues.o
 .comment       0x0000000000000000       0x2e build/kernel/sio.o
 .note.GNU-stack
                0x0000000000000000        0x0 build/kernel/sio.o
 .eh_frame      0x0000000000000000      0x1c8 build/kernel/sio.o
 .comment       0x0000000000000000       0x2e build/kernel/stacks.o
 .note.GNU-stack
                0x0000000000000000        0x0 build/kernel/stacks.o
 .eh_frame      0x0000000000000000       0xc8 build/kernel/stacks.o
 .comment       0x0000000000000000       0x2e build/kernel/support.o
 .note.GNU-stack
                0x0000000000000000        0x0 build/kernel/support.o
 .eh_frame      0x0000000000000000      0x174 build/kernel/support.o
 .comment       0x0000000000000000       0x2e build/kernel/syscalls.o
 .note.GNU-stack
                0x0000000000000000        0x0 build/kernel/syscalls.o
 .eh_frame      0x0000000000000000      0x1b8 build/kernel/syscalls.o
 .comment       0x0000000000000000       0x2e build/lib/libkernel.a(kextras.o)
 .note.GNU-stack
                0x0000000000000000        0x0 build/lib/libkernel.a(kextras.o)
 .eh_frame      0x0000000000000000       0xb4 build/lib/libkernel.a(kextras.o)
 .comment       0x0000000000000000       0x2e build/lib/libcommon.a(cblkmov.o)
 .note.GNU-stack
                0x0000000000000000        0x0 build/lib/libcommon.a(cblkmov.o)
 .eh_frame      0x0000000000000000       0x40 build/lib/libcommon.a(cblkmov.o)
 .comment       0x0000000000000000       0x2e build/lib/libcommon.a(cbound.o)
 .note.GNU-stack
                0x0000000000000000        0x0 build/lib/libcommon.a(cbound.o)
 .eh_frame      0x0000000000000000       0x38 build/lib/libcommon.a(cbound.o)
 .comment       0x0000000000000000       0x2e build/lib/libcommon.a(ccvtdec.o)
 .note.GNU-stack
                0x0000000000000000        0x0 build/lib/libcommon.a(ccvtdec.o)
 .eh_frame      0x0000000000000000       0x38 build/lib/libcommon.a(ccvtdec.o)
 .comment       0x0000000000000000       0x2e build/lib/libcommon.a(ccvtdec0.o)
 .note.GNU-stack
                0x0000000000000000        0x0 build/lib/libcommon.a(ccvtdec0.o)
 .eh_frame      0x0000000000000000       0x3c build/lib/libcommon.a(ccvtdec0.o)
 .comment       0x0000000000000000       0x2e build/lib/libcommon.a(ccvthex.o)
 .note.GNU-stack
                0x0000000000000000        0x0 build/lib/libcommon.a(ccvthex.o)
 .eh_frame      0x0000000000000000       0x38 build/lib/libcommon.a(ccvthex.o)
 .comment       0x0000000000000000       0x2e build/lib/libcommon.a(ccvtoct.o)
 .note.GNU-stack
                0x0000000000000000        0x0 build/lib/libcommon.a(ccvtoct.o)
 .eh_frame      0x0000000000000000       0x38 build/lib/libcommon.a(ccvtoct.o)
 .comment       0x0000000000000000       0x2e build/lib/libcommon.a(ccvtuns.o)
 .note.GNU-stack
                0x0000000000000000        0x0 build/lib/libcommon.a(ccvtuns.o)
 .eh_frame      0x0000000000000000       0x38 build/lib/libcommon.a(ccvtuns.o)
 .comment       0x0000000000000000       0x2e build/lib/libcommon.a(ccvtuns0.o)
 .note.GNU-stack
                0x0000000000000000        0x0 build/lib/libcommon.a(ccvtuns0.o)
 .eh_frame      0x0000000000000000       0x38 build/lib/libcommon.a(ccvtuns0.o)
 .comment       0x0000000000000000       0x2e build/lib/libcommon.a(cmemclr.o)
 .note.GNU-stack
                0x0000000000000000        0x0 build/lib/libcommon.a(cmemclr.o)
 .eh_frame      0x0000000000000000       0x3c build/lib/libcommon.a(cmemclr.o)
 .comment       0x0000000000000000       0x2e build/lib/libcommon.a(cmemcpy.o)
 .note.GNU-stack
                0x0000000000000000        0x0 build/lib/libcommon.a(cmemcpy.o)
 .eh_frame      0x0000000000000000       0x40 build/lib/libcommon.a(cmemcpy.o)
 .comment       0x0000000000000000       0x2e build/lib/libcommon.a(cmemmove.o)
 .note.GNU-stack
                0x0000000000000000        0x0 build/lib/libcommon.a(cmemmove.o)
 .eh_frame      0x0000000000000000       0x40 build/lib/libcommon.a(cmemmove.o)
 .comment       0x0000000000000000       0x2e build/lib/libcommon.a(cmemset.o)
 .note.GNU-stack
                0x0000000000000000        0x0 build/lib/libcommon.a(cmemset.o)
 .eh_frame      0x0000000000000000       0x3c build/lib/libcommon.a(cmemset.o)
 .comment       0x0000000000000000       0x2e build/lib/libcommon.a(csprint.o)
 .note.GNU-stack
                0x0000000000000000        0x0 build/lib/libcommon.a(csprint.o)
 .eh_frame      0x0000000000000000       0x38 build/lib/libcommon.a(csprint.o)
 .comment       0x0000000000000000       0x2e build/lib/libcommon.a(cstrcmp.o)
 .note.GNU-stack
                0x0000000000000000        0x0 build/lib/libcommon.a(cstrcmp.o)
 .eh_frame      0x0000000000000000       0x3c build/lib/libcommon.a(cstrcmp.o)
 .comment       0x0000000000000000       0x2e build/lib/libcommon.a(cstrlen.o)
 .note.GNU-stack
                0x0000000000000000        0x0 build/lib/libcommon.a(cstrlen.o)
 .eh_frame      0x0000000000000000       0x3c build/lib/libcommon.a(cstrlen.o)
 .comment       0x0000000000000000       0x2e build/lib/libcommon.a(cpadstr.o)
 .note.GNU-stack
                0x0000000000000000        0x0 build/lib/libcommon.a(cpadstr.o)
 .eh_frame      0x0000000000000000       0x38 build/lib/libcommon.a(cpadstr.o)
 .comment       0x0000000000000000       0x2e build/lib/libcommon.a(cpad.o)
 .note.GNU-stack
                0x0000000000000000        0x0 build/lib/libcommon.a(cpad.o)
 .eh_frame      0x0000000000000000       0x38 build/lib/libcommon.a(cpad.o)

Memory Configuration

Name             Origin             Length             Attributes
*default*        0x0000000000000000 0xffffffffffffffff

Linker script and memory map

                0x0000000000010000                . = 0x10000

.text           0x0000000000010000     0x6b88
 *(.text .stub .text.* .gnu.linkonce.t.*)
 .text          0x0000000000010000       0x40 build/kernel/entry.o
                0x0000000000010000                begtext
                0x0000000000010000                _start
 .text          0x0000000000010040      0xb75 build/kernel/isrs.o
                0x000000000001006f                isr_restore
 .text          0x0000000000010bb5      0xf20 build/kernel/cio.o
                0x0000000000010d4f                cio_setscroll
                0x0000000000010df1                cio_moveto
                0x0000000000010e51                cio_putchar_at
                0x0000000000010f0c                cio_putchar
                0x000000000001104a                cio_puts_at
                0x000000000001108f                cio_puts
                0x00000000000110c1                cio_write
                0x00000000000110fa                cio_clearscroll
                0x0000000000011172                cio_clearscreen
                0x00000000000111df                cio_scroll
                0x00000000000116e7                cio_printf_at
                0x0000000000011707                cio_printf
                0x00000000000118b3                cio_getchar
                0x0000000000011959                cio_gets
                0x00000000000119aa                cio_input_queue
                0x00000000000119d2                cio_init
                0x0000000000011a7d                cio_opt_set
                0x0000000000011aa9                cio_opt_clear
 .text          0x0000000000011ad5      0x396 build/kernel/clock.o
                0x0000000000011dd2                clk_init
 .text          0x0000000000011e6b      0x47c build/kernel/kernel.o
                0x0000000000011f32                main
 .text          0x00000000000122e7      0x7cd build/kernel/kmem.o
                0x00000000000123ef                km_init
                0x00000000000125b3                km_dump
                0x000000000001267c                km_page_alloc
                0x000000000001277f                km_page_free
                0x00000000000127a0                km_page_free_multi
                0x000000000001296c                km_slice_alloc
                0x0000000000012a39                km_slice_free
 .text          0x0000000000012ab4      0x101 build/kernel/list.o
                0x0000000000012ab4                list_add
                0x0000000000012b4d                list_remove
 .text          0x0000000000012bb5      0xd00 build/kernel/procs.o
                0x0000000000012c1e                ctx_sanity_check
                0x0000000000012d41                ctx_dump
                0x0000000000012e33                ctx_dump_all
                0x0000000000012eaa                pcb_dump
                0x000000000001302f                ptable_dump
                0x000000000001311e                ptable_dump_stats
                0x0000000000013215                pcb_init
                0x00000000000134b0                pcb_alloc
                0x0000000000013526                pcb_free
                0x0000000000013575                pcb_find_pid
                0x00000000000135eb                pcb_find_child_of
                0x0000000000013671                pcb_zombify
                0x00000000000136d7                pcb_cleanup
                0x000000000001371c                schedule
                0x0000000000013817                dispatch
 .text          0x00000000000138b5      0x8d8 build/kernel/queues.o
                0x0000000000013a08                que_dump
                0x0000000000013b1f                que_init
                0x0000000000013b70                que_alloc
                0x0000000000013bee                que_free
                0x0000000000013c6e                que_length
                0x0000000000013cbf                que_insert
                0x0000000000013e9f                que_peek
                0x0000000000013f61                que_remove
                0x000000000001406a                que_remove_by
 .text          0x000000000001418d      0xa6c build/kernel/sio.o
                0x00000000000144d6                sio_init
                0x000000000001465e                sio_enable
                0x00000000000146d7                sio_disable
                0x0000000000014750                sio_flush
                0x0000000000014806                sio_inq_length
                0x0000000000014810                sio_readc
                0x0000000000014871                sio_read
                0x000000000001490c                sio_writec
                0x0000000000014982                sio_write
                0x0000000000014a29                sio_puts
                0x0000000000014a56                sio_putchar
                0x0000000000014a7c                sio_dump
 .text          0x0000000000014bf9      0x482 build/kernel/stacks.o
                0x0000000000014bf9                stk_init
                0x0000000000014c75                stk_alloc
                0x0000000000014cdb                stk_free
                0x0000000000014d3c                stk_setup
                0x0000000000014e3a                stk_dump
 .text          0x000000000001507b      0x44c build/kernel/support.o
                0x0000000000015473                panic
                0x000000000001548f                init_interrupts
                0x00000000000154a2                install_isr
 .text          0x00000000000154c7      0xcc6 build/kernel/syscalls.o
                0x0000000000015574                sys_exit
                0x0000000000015809                sys_wait
                0x00000000000158fb                sys_fork
                0x0000000000015af9                sys_exec
                0x0000000000015bf1                sys_read
                0x0000000000015d5b                sys_write
                0x0000000000015e12                sys_sleep
                0x0000000000015ef0                sys_getpid
                0x0000000000015f46                sys_gettime
                0x0000000000015f9c                sys_getprio
                0x000000000001615f                sys_init
 .text          0x000000000001618d      0x28a build/lib/libkernel.a(kextras.o)
                0x000000000001619d                put_char_or_code
                0x00000000000161d7                backtrace
                0x0000000000016295                delay
                0x00000000000162c1                kpanic
 .text          0x0000000000016417       0x9a build/lib/libcommon.a(cblkmov.o)
                0x0000000000016417                blkmov
 .text          0x00000000000164b1       0x24 build/lib/libcommon.a(cbound.o)
                0x00000000000164b1                bound
 .text          0x00000000000164d5       0x43 build/lib/libcommon.a(ccvtdec.o)
                0x00000000000164d5                cvtdec
 .text          0x0000000000016518       0x91 build/lib/libcommon.a(ccvtdec0.o)
                0x0000000000016518                cvtdec0
 .text          0x00000000000165a9       0x6b build/lib/libcommon.a(ccvthex.o)
                0x00000000000165a9                cvthex
 .text          0x0000000000016614       0x86 build/lib/libcommon.a(ccvtoct.o)
                0x0000000000016614                cvtoct
 .text          0x000000000001669a       0x2e build/lib/libcommon.a(ccvtuns.o)
                0x000000000001669a                cvtuns
 .text          0x00000000000166c8       0x66 build/lib/libcommon.a(ccvtuns0.o)
                0x00000000000166c8                cvtuns0
 .text          0x000000000001672e       0x24 build/lib/libcommon.a(cmemclr.o)
                0x000000000001672e                memclr
 .text          0x0000000000016752       0x2e build/lib/libcommon.a(cmemcpy.o)
                0x0000000000016752                memcpy
 .text          0x0000000000016780       0x53 build/lib/libcommon.a(cmemmove.o)
                0x0000000000016780                memmove
 .text          0x00000000000167d3       0x27 build/lib/libcommon.a(cmemset.o)
                0x00000000000167d3                memset
 .text          0x00000000000167fa      0x275 build/lib/libcommon.a(csprint.o)
                0x00000000000167fa                sprint
 .text          0x0000000000016a6f       0x36 build/lib/libcommon.a(cstrcmp.o)
                0x0000000000016a6f                strcmp
 .text          0x0000000000016aa5       0x24 build/lib/libcommon.a(cstrlen.o)
                0x0000000000016aa5                strlen
 .text          0x0000000000016ac9       0x9d build/lib/libcommon.a(cpadstr.o)
                0x0000000000016ac9                padstr
 .text          0x0000000000016b66       0x22 build/lib/libcommon.a(cpad.o)
                0x0000000000016b66                pad
                [!provide]                        PROVIDE (etext = .)
                0x0000000000016b88                PROVIDE (_etext = .)

.iplt           0x0000000000016b88        0x0
 .iplt          0x0000000000016b88        0x0 build/kernel/entry.o
                0x0000000000017000                . = ALIGN (0x1000)
                0x0000000000017000                PROVIDE (_rodata = .)

.rodata         0x0000000000017000     0x14c8
 *(.rodata .rodata.* .gnu.linkonce.r.*)
 .rodata        0x0000000000017000       0x77 build/kernel/cio.o
 *fill*         0x0000000000017077        0x1 
 .rodata        0x0000000000017078       0xf0 build/kernel/clock.o
 .rodata        0x0000000000017168      0x329 build/kernel/kernel.o
 *fill*         0x0000000000017491        0x3 
 .rodata        0x0000000000017494      0x186 build/kernel/kmem.o
 *fill*         0x000000000001761a        0x2 
 .rodata        0x000000000001761c       0x64 build/kernel/list.o
 .rodata        0x0000000000017680      0x4ed build/kernel/procs.o
                0x0000000000017680                state_str
                0x00000000000176a0                prio_str
 *fill*         0x0000000000017b6d        0x3 
 .rodata        0x0000000000017b70      0x1f2 build/kernel/queues.o
 *fill*         0x0000000000017d62        0x2 
 .rodata        0x0000000000017d64      0x188 build/kernel/sio.o
 .rodata        0x0000000000017eec       0xc1 build/kernel/stacks.o
 *fill*         0x0000000000017fad        0x3 
 .rodata        0x0000000000017fb0      0x16e build/kernel/support.o
 *fill*         0x000000000001811e        0x2 
 .rodata        0x0000000000018120      0x26c build/kernel/syscalls.o
 .rodata        0x000000000001838c       0xcf build/lib/libkernel.a(kextras.o)
 *fill*         0x000000000001845b        0x1 
 .rodata        0x000000000001845c       0x11 build/lib/libcommon.a(ccvthex.o)
                0x000000000001845c                hexdigits
 *fill*         0x000000000001846d        0x3 
 .rodata        0x0000000000018470       0x58 build/lib/libcommon.a(csprint.o)
                [!provide]                        PROVIDE (erodata = .)
                0x00000000000184c8                PROVIDE (_erodata = .)

.rel.dyn        0x00000000000184c8        0x0
 .rel.got       0x00000000000184c8        0x0 build/kernel/entry.o
 .rel.iplt      0x00000000000184c8        0x0 build/kernel/entry.o
 .rel.text      0x00000000000184c8        0x0 build/kernel/entry.o
                0x0000000000019000                . = ALIGN (0x1000)
                [!provide]                        PROVIDE (data = .)
                0x0000000000019000                PROVIDE (_data = .)

.data           0x0000000000019000      0x50c
 *(.data .data.* .gnu.linkonce.d.*)
 .data          0x0000000000019000        0x0 build/kernel/entry.o
 .data          0x0000000000019000      0x400 build/kernel/isrs.o
                0x0000000000019000                isr_stub_table
 .data          0x0000000000019400      0x10c build/kernel/cio.o
 .data          0x000000000001950c        0x0 build/kernel/clock.o
 .data          0x000000000001950c        0x0 build/kernel/kernel.o
 .data          0x000000000001950c        0x0 build/kernel/kmem.o
 .data          0x000000000001950c        0x0 build/kernel/list.o
 .data          0x000000000001950c        0x0 build/kernel/procs.o
 .data          0x000000000001950c        0x0 build/kernel/queues.o
 .data          0x000000000001950c        0x0 build/kernel/sio.o
 .data          0x000000000001950c        0x0 build/kernel/stacks.o
 .data          0x000000000001950c        0x0 build/kernel/support.o
 .data          0x000000000001950c        0x0 build/kernel/syscalls.o
 .data          0x000000000001950c        0x0 build/lib/libkernel.a(kextras.o)
 .data          0x000000000001950c        0x0 build/lib/libcommon.a(cblkmov.o)
 .data          0x000000000001950c        0x0 build/lib/libcommon.a(cbound.o)
 .data          0x000000000001950c        0x0 build/lib/libcommon.a(ccvtdec.o)
 .data          0x000000000001950c        0x0 build/lib/libcommon.a(ccvtdec0.o)
 .data          0x000000000001950c        0x0 build/lib/libcommon.a(ccvthex.o)
 .data          0x000000000001950c        0x0 build/lib/libcommon.a(ccvtoct.o)
 .data          0x000000000001950c        0x0 build/lib/libcommon.a(ccvtuns.o)
 .data          0x000000000001950c        0x0 build/lib/libcommon.a(ccvtuns0.o)
 .data          0x000000000001950c        0x0 build/lib/libcommon.a(cmemclr.o)
 .data          0x000000000001950c        0x0 build/lib/libcommon.a(cmemcpy.o)
 .data          0x000000000001950c        0x0 build/lib/libcommon.a(cmemmove.o)
 .data          0x000000000001950c        0x0 build/lib/libcommon.a(cmemset.o)
 .data          0x000000000001950c        0x0 build/lib/libcommon.a(csprint.o)
 .data          0x000000000001950c        0x0 build/lib/libcommon.a(cstrcmp.o)
 .data          0x000000000001950c        0x0 build/lib/libcommon.a(cstrlen.o)
 .data          0x000000000001950c        0x0 build/lib/libcommon.a(cpadstr.o)
 .data          0x000000000001950c        0x0 build/lib/libcommon.a(cpad.o)
                [!provide]                        PROVIDE (edata = .)
                0x000000000001950c                PROVIDE (_edata = .)

.got            0x000000000001950c        0x0
 .got           0x000000000001950c        0x0 build/kernel/entry.o

.got.plt        0x000000000001950c        0x0
 .got.plt       0x000000000001950c        0x0 build/kernel/entry.o

.igot.plt       0x000000000001950c        0x0
 .igot.plt      0x000000000001950c        0x0 build/kernel/entry.o
                0x000000000001a000                . = ALIGN (0x1000)
                0x000000000001a000                PROVIDE (__bss_start = .)

.bss            0x000000000001a000     0x16c0
 *(.bss .bss.* .gnu.linkonce.b.*)
 .bss           0x000000000001a000        0x0 build/kernel/entry.o
 .bss           0x000000000001a000        0x0 build/kernel/isrs.o
 .bss           0x000000000001a000      0x10c build/kernel/cio.o
                0x000000000001a000                cio_ready
 .bss           0x000000000001a10c        0xc build/kernel/clock.o
                0x000000000001a10c                system_time
 *fill*         0x000000000001a118        0x8 
 .bss           0x000000000001a120      0x50a build/kernel/kernel.o
                0x000000000001a120                b256
                0x000000000001a220                b512
                0x000000000001a420                bpanic
                0x000000000001a620                user_locs
                0x000000000001a624                user_offset
                0x000000000001a626                user_segment
                0x000000000001a628                user_sectors
 *fill*         0x000000000001a62a        0x2 
 .bss           0x000000000001a62c       0x14 build/kernel/kmem.o
 .bss           0x000000000001a640        0x0 build/kernel/list.o
 .bss           0x000000000001a640      0x348 build/kernel/procs.o
                0x000000000001a640                ready
                0x000000000001a64c                sleeping
                0x000000000001a650                zombie
                0x000000000001a654                blocked
                0x000000000001a658                sioread
                0x000000000001a65c                current
                0x000000000001a660                ptable
                0x000000000001a980                next_pid
                0x000000000001a984                init_pcb
 *fill*         0x000000000001a988       0x18 
 .bss           0x000000000001a9a0       0xa8 build/kernel/queues.o
 *fill*         0x000000000001aa48       0x18 
 .bss           0x000000000001aa60      0x851 build/kernel/sio.o
                0x000000000001aa60                sio_ready
 *fill*         0x000000000001b2b1        0x3 
 .bss           0x000000000001b2b4        0xc build/kernel/stacks.o
                0x000000000001b2b4                kstack
                0x000000000001b2b8                kesp
 .bss           0x000000000001b2c0      0x400 build/kernel/support.o
                0x000000000001b2c0                isr_table
 .bss           0x000000000001b6c0        0x0 build/kernel/syscalls.o
 .bss           0x000000000001b6c0        0x0 build/lib/libkernel.a(kextras.o)
 .bss           0x000000000001b6c0        0x0 build/lib/libcommon.a(cblkmov.o)
 .bss           0x000000000001b6c0        0x0 build/lib/libcommon.a(cbound.o)
 .bss           0x000000000001b6c0        0x0 build/lib/libcommon.a(ccvtdec.o)
 .bss           0x000000000001b6c0        0x0 build/lib/libcommon.a(ccvtdec0.o)
 .bss           0x000000000001b6c0        0x0 build/lib/libcommon.a(ccvthex.o)
 .bss           0x000000000001b6c0        0x0 build/lib/libcommon.a(ccvtoct.o)
 .bss           0x000000000001b6c0        0x0 build/lib/libcommon.a(ccvtuns.o)
 .bss           0x000000000001b6c0        0x0 build/lib/libcommon.a(ccvtuns0.o)
 .bss           0x000000000001b6c0        0x0 build/lib/libcommon.a(cmemclr.o)
 .bss           0x000000000001b6c0        0x0 build/lib/libcommon.a(cmemcpy.o)
 .bss           0x000000000001b6c0        0x0 build/lib/libcommon.a(cmemmove.o)
 .bss           0x000000000001b6c0        0x0 build/lib/libcommon.a(cmemset.o)
 .bss           0x000000000001b6c0        0x0 build/lib/libcommon.a(csprint.o)
 .bss           0x000000000001b6c0        0x0 build/lib/libcommon.a(cstrcmp.o)
 .bss           0x000000000001b6c0        0x0 build/lib/libcommon.a(cstrlen.o)
 .bss           0x000000000001b6c0        0x0 build/lib/libcommon.a(cpadstr.o)
 .bss           0x000000000001b6c0        0x0 build/lib/libcommon.a(cpad.o)
 *(COMMON)
                [!provide]                        PROVIDE (end = .)
                0x000000000001b6c0                PROVIDE (_end = .)

/DISCARD/
 *(.stab .stab.* .stabstr)
 *(.eh_frame .eh_frame_hdr)
 *(.note.* .comment)
LOAD build/kernel/entry.o
LOAD build/kernel/isrs.o
LOAD build/kernel/cio.o
LOAD build/kernel/clock.o
LOAD build/kernel/kernel.o
LOAD build/kernel/kmem.o
LOAD build/kernel/list.o
LOAD build/kernel/procs.o
LOAD build/kernel/queues.o
LOAD build/kernel/sio.o
LOAD build/kernel/stacks.o
LOAD build/kernel/support.o
LOAD build/kernel/syscalls.o
LOAD build/lib/libkernel.a
LOAD build/lib/libcommon.a
OUTPUT(build/kernel/kernel elf32-i386)

.debug_line     0x0000000000000000     0x3302
 .debug_line    0x0000000000000000       0x60 build/kernel/entry.o
 .debug_line    0x0000000000000060      0x139 build/kernel/isrs.o
 .debug_line    0x0000000000000199      0x706 build/kernel/cio.o
 .debug_line    0x000000000000089f      0x1ad build/kernel/clock.o
 .debug_line    0x0000000000000a4c      0x181 build/kernel/kernel.o
 .debug_line    0x0000000000000bcd      0x3a4 build/kernel/kmem.o
 .debug_line    0x0000000000000f71       0xac build/kernel/list.o
 .debug_line    0x000000000000101d      0x583 build/kernel/procs.o
 .debug_line    0x00000000000015a0      0x3e1 build/kernel/queues.o
 .debug_line    0x0000000000001981      0x551 build/kernel/sio.o
 .debug_line    0x0000000000001ed2      0x29c build/kernel/stacks.o
 .debug_line    0x000000000000216e      0x1fe build/kernel/support.o
 .debug_line    0x000000000000236c      0x50d build/kernel/syscalls.o
 .debug_line    0x0000000000002879      0x143 build/lib/libkernel.a(kextras.o)
 .debug_line    0x00000000000029bc       0xca build/lib/libcommon.a(cblkmov.o)
 .debug_line    0x0000000000002a86       0x64 build/lib/libcommon.a(cbound.o)
 .debug_line    0x0000000000002aea       0x71 build/lib/libcommon.a(ccvtdec.o)
 .debug_line    0x0000000000002b5b       0x74 build/lib/libcommon.a(ccvtdec0.o)
 .debug_line    0x0000000000002bcf       0xa5 build/lib/libcommon.a(ccvthex.o)
 .debug_line    0x0000000000002c74       0xb5 build/lib/libcommon.a(ccvtoct.o)
 .debug_line    0x0000000000002d29       0x69 build/lib/libcommon.a(ccvtuns.o)
 .debug_line    0x0000000000002d92       0x78 build/lib/libcommon.a(ccvtuns0.o)
 .debug_line    0x0000000000002e0a       0x67 build/lib/libcommon.a(cmemclr.o)
 .debug_line    0x0000000000002e71       0x72 build/lib/libcommon.a(cmemcpy.o)
 .debug_line    0x0000000000002ee3       0x99 build/lib/libcommon.a(cmemmove.o)
 .debug_line    0x0000000000002f7c       0x69 build/lib/libcommon.a(cmemset.o)
 .debug_line    0x0000000000002fe5      0x125 build/lib/libcommon.a(csprint.o)
 .debug_line    0x000000000000310a       0x79 build/lib/libcommon.a(cstrcmp.o)
 .debug_line    0x0000000000003183       0x69 build/lib/libcommon.a(cstrlen.o)
 .debug_line    0x00000000000031ec       0xb5 build/lib/libcommon.a(cpadstr.o)
 .debug_line    0x00000000000032a1       0x61 build/lib/libcommon.a(cpad.o)

.debug_line_str
                0x0000000000000000      0x261
 .debug_line_str
                0x0000000000000000       0x2a build/kernel/entry.o
                                         0x32 (size before relaxing)
 .debug_line_str
                0x000000000000002a        0x7 build/kernel/isrs.o
                                         0x30 (size before relaxing)
 .debug_line_str
                0x0000000000000031       0x51 build/kernel/cio.o
                                         0xa7 (size before relaxing)
 .debug_line_str
                0x0000000000000082       0x2f build/kernel/clock.o
                                         0xc7 (size before relaxing)
 .debug_line_str
                0x00000000000000b1       0x2b build/kernel/kernel.o
                                         0xd7 (size before relaxing)
 .debug_line_str
                0x00000000000000dc        0xe build/kernel/kmem.o
                                         0x95 (size before relaxing)
 .debug_line_str
                0x00000000000000ea       0x15 build/kernel/list.o
                                         0x7f (size before relaxing)
 .debug_line_str
                0x00000000000000ff        0xf build/kernel/procs.o
                                         0xaa (size before relaxing)
 .debug_line_str
                0x000000000000010e       0x10 build/kernel/queues.o
                                         0x9c (size before relaxing)
 .debug_line_str
                0x000000000000011e        0xd build/kernel/sio.o
                                         0xbf (size before relaxing)
 .debug_line_str
                0x000000000000012b       0x10 build/kernel/stacks.o
                                         0xa9 (size before relaxing)
 .debug_line_str
                0x000000000000013b       0x26 build/kernel/support.o
                                         0x91 (size before relaxing)
 .debug_line_str
                0x0000000000000161       0x12 build/kernel/syscalls.o
                                         0xdf (size before relaxing)
 .debug_line_str
                0x0000000000000173       0x12 build/lib/libkernel.a(kextras.o)
                                         0xa0 (size before relaxing)
 .debug_line_str
                0x0000000000000185        0xd build/lib/libcommon.a(cblkmov.o)
                                         0x65 (size before relaxing)
 .debug_line_str
                0x0000000000000192        0xc build/lib/libcommon.a(cbound.o)
                                         0x5c (size before relaxing)
 .debug_line_str
                0x000000000000019e        0xd build/lib/libcommon.a(ccvtdec.o)
                                         0x65 (size before relaxing)
 .debug_line_str
                0x00000000000001ab        0xe build/lib/libcommon.a(ccvtdec0.o)
                                         0x50 (size before relaxing)
 .debug_line_str
                0x00000000000001b9        0xd build/lib/libcommon.a(ccvthex.o)
                                         0x65 (size before relaxing)
 .debug_line_str
                0x00000000000001c6        0xd build/lib/libcommon.a(ccvtoct.o)
                                         0x5f (size before relaxing)
 .debug_line_str
                0x00000000000001d3        0xd build/lib/libcommon.a(ccvtuns.o)
                                         0x65 (size before relaxing)
 .debug_line_str
                0x00000000000001e0        0xe build/lib/libcommon.a(ccvtuns0.o)
                                         0x68 (size before relaxing)
 .debug_line_str
                0x00000000000001ee        0xd build/lib/libcommon.a(cmemclr.o)
                                         0x5f (size before relaxing)
 .debug_line_str
                0x00000000000001fb        0xd build/lib/libcommon.a(cmemcpy.o)
                                         0x5f (size before relaxing)
 .debug_line_str
                0x0000000000000208        0xe build/lib/libcommon.a(cmemmove.o)
                                         0x62 (size before relaxing)
 .debug_line_str
                0x0000000000000216        0xd build/lib/libcommon.a(cmemset.o)
                                         0x5f (size before relaxing)
 .debug_line_str
                0x0000000000000223        0xd build/lib/libcommon.a(csprint.o)
                                         0x65 (size before relaxing)
 .debug_line_str
                0x0000000000000230        0xd build/lib/libcommon.a(cstrcmp.o)
                                         0x4d (size before relaxing)
 .debug_line_str
                0x000000000000023d        0xd build/lib/libcommon.a(cstrlen.o)
                                         0x5f (size before relaxing)
 .debug_line_str
                0x000000000000024a        0xd build/lib/libcommon.a(cpadstr.o)
                                         0x65 (size before relaxing)
 .debug_line_str
                0x0000000000000257        0xa build/lib/libcommon.a(cpad.o)
                                         0x44 (size before relaxing)

.debug_info     0x0000000000000000     0x6f98
 .debug_info    0x0000000000000000       0x24 build/kernel/entry.o
 .debug_info    0x0000000000000024       0x25 build/kernel/isrs.o
 .debug_info    0x0000000000000049      0xd1c build/kernel/cio.o
 .debug_info    0x0000000000000d65      0x703 build/kernel/clock.o
 .debug_info    0x0000000000001468      0x6da build/kernel/kernel.o
 .debug_info    0x0000000000001b42      0x654 build/kernel/kmem.o
 .debug_info    0x0000000000002196      0x1af build/kernel/list.o
 .debug_info    0x0000000000002345      0xae4 build/kernel/procs.o
 .debug_info    0x0000000000002e29      0x663 build/kernel/queues.o
 .debug_info    0x000000000000348c      0xc83 build/kernel/sio.o
 .debug_info    0x000000000000410f      0x6d1 build/kernel/stacks.o
 .debug_info    0x00000000000047e0      0x817 build/kernel/support.o
 .debug_info    0x0000000000004ff7      0xb83 build/kernel/syscalls.o
 .debug_info    0x0000000000005b7a      0x4bc build/lib/libkernel.a(kextras.o)
 .debug_info    0x0000000000006036       0xfc build/lib/libcommon.a(cblkmov.o)
 .debug_info    0x0000000000006132       0xb2 build/lib/libcommon.a(cbound.o)
 .debug_info    0x00000000000061e4       0xd7 build/lib/libcommon.a(ccvtdec.o)
 .debug_info    0x00000000000062bb       0xb0 build/lib/libcommon.a(ccvtdec0.o)
 .debug_info    0x000000000000636b      0x132 build/lib/libcommon.a(ccvthex.o)
 .debug_info    0x000000000000649d       0xe3 build/lib/libcommon.a(ccvtoct.o)
 .debug_info    0x0000000000006580       0xd7 build/lib/libcommon.a(ccvtuns.o)
 .debug_info    0x0000000000006657       0xd8 build/lib/libcommon.a(ccvtuns0.o)
 .debug_info    0x000000000000672f       0xc0 build/lib/libcommon.a(cmemclr.o)
 .debug_info    0x00000000000067ef       0xe8 build/lib/libcommon.a(cmemcpy.o)
 .debug_info    0x00000000000068d7       0xe8 build/lib/libcommon.a(cmemmove.o)
 .debug_info    0x00000000000069bf       0xce build/lib/libcommon.a(cmemset.o)
 .debug_info    0x0000000000006a8d      0x1c4 build/lib/libcommon.a(csprint.o)
 .debug_info    0x0000000000006c51       0xa2 build/lib/libcommon.a(cstrcmp.o)
 .debug_info    0x0000000000006cf3       0xb4 build/lib/libcommon.a(cstrlen.o)
 .debug_info    0x0000000000006da7      0x145 build/lib/libcommon.a(cpadstr.o)
 .debug_info    0x0000000000006eec       0xac build/lib/libcommon.a(cpad.o)

.debug_abbrev   0x0000000000000000     0x2736
 .debug_abbrev  0x0000000000000000       0x14 build/kernel/entry.o
 .debug_abbrev  0x0000000000000014       0x14 build/kernel/isrs.o
 .debug_abbrev  0x0000000000000028      0x383 build/kernel/cio.o
 .debug_abbrev  0x00000000000003ab      0x251 build/kernel/clock.o
 .debug_abbrev  0x00000000000005fc      0x200 build/kernel/kernel.o
 .debug_abbrev  0x00000000000007fc      0x1f4 build/kernel/kmem.o
 .debug_abbrev  0x00000000000009f0      0x13c build/kernel/list.o
 .debug_abbrev  0x0000000000000b2c      0x247 build/kernel/procs.o
 .debug_abbrev  0x0000000000000d73      0x289 build/kernel/queues.o
 .debug_abbrev  0x0000000000000ffc      0x321 build/kernel/sio.o
 .debug_abbrev  0x000000000000131d      0x257 build/kernel/stacks.o
 .debug_abbrev  0x0000000000001574      0x276 build/kernel/support.o
 .debug_abbrev  0x00000000000017ea      0x2eb build/kernel/syscalls.o
 .debug_abbrev  0x0000000000001ad5      0x196 build/lib/libkernel.a(kextras.o)
 .debug_abbrev  0x0000000000001c6b       0xb2 build/lib/libcommon.a(cblkmov.o)
 .debug_abbrev  0x0000000000001d1d       0x78 build/lib/libcommon.a(cbound.o)
 .debug_abbrev  0x0000000000001d95       0xae build/lib/libcommon.a(ccvtdec.o)
 .debug_abbrev  0x0000000000001e43       0x81 build/lib/libcommon.a(ccvtdec0.o)
 .debug_abbrev  0x0000000000001ec4       0xed build/lib/libcommon.a(ccvthex.o)
 .debug_abbrev  0x0000000000001fb1       0xa2 build/lib/libcommon.a(ccvtoct.o)
 .debug_abbrev  0x0000000000002053       0xae build/lib/libcommon.a(ccvtuns.o)
 .debug_abbrev  0x0000000000002101       0xae build/lib/libcommon.a(ccvtuns0.o)
 .debug_abbrev  0x00000000000021af       0x8a build/lib/libcommon.a(cmemclr.o)
 .debug_abbrev  0x0000000000002239       0x98 build/lib/libcommon.a(cmemcpy.o)
 .debug_abbrev  0x00000000000022d1       0x98 build/lib/libcommon.a(cmemmove.o)
 .debug_abbrev  0x0000000000002369       0x9b build/lib/libcommon.a(cmemset.o)
 .debug_abbrev  0x0000000000002404       0xe4 build/lib/libcommon.a(csprint.o)
 .debug_abbrev  0x00000000000024e8       0x6a build/lib/libcommon.a(cstrcmp.o)
 .debug_abbrev  0x0000000000002552       0x88 build/lib/libcommon.a(cstrlen.o)
 .debug_abbrev  0x00000000000025da       0xea build/lib/libcommon.a(cpadstr.o)
 .debug_abbrev  0x00000000000026c4       0x72 build/lib/libcommon.a(cpad.o)

.debug_aranges  0x0000000000000000      0x3e0
 .debug_aranges
                0x0000000000000000       0x20 build/kernel/entry.o
 .debug_aranges
                0x0000000000000020       0x20 build/kernel/isrs.o
 .debug_aranges
                0x0000000000000040       0x20 build/kernel/cio.o
 .debug_aranges
                0x0000000000000060       0x20 build/kernel/clock.o
 .debug_aranges
                0x0000000000000080       0x20 build/kernel/kernel.o
 .debug_aranges
                0x00000000000000a0       0x20 build/kernel/kmem.o
 .debug_aranges
                0x00000000000000c0       0x20 build/kernel/list.o
 .debug_aranges
                0x00000000000000e0       0x20 build/kernel/procs.o
 .debug_aranges
                0x0000000000000100       0x20 build/kernel/queues.o
 .debug_aranges
                0x0000000000000120       0x20 build/kernel/sio.o
 .debug_aranges
                0x0000000000000140       0x20 build/kernel/stacks.o
 .debug_aranges
                0x0000000000000160       0x20 build/kernel/support.o
 .debug_aranges
                0x0000000000000180       0x20 build/kernel/syscalls.o
 .debug_aranges
                0x00000000000001a0       0x20 build/lib/libkernel.a(kextras.o)
 .debug_aranges
                0x00000000000001c0       0x20 build/lib/libcommon.a(cblkmov.o)
 .debug_aranges
                0x00000000000001e0       0x20 build/lib/libcommon.a(cbound.o)
 .debug_aranges
                0x0000000000000200       0x20 build/lib/libcommon.a(ccvtdec.o)
 .debug_aranges
                0x0000000000000220       0x20 build/lib/libcommon.a(ccvtdec0.o)
 .debug_aranges
                0x0000000000000240       0x20 build/lib/libcommon.a(ccvthex.o)
 .debug_aranges
                0x0000000000000260       0x20 build/lib/libcommon.a(ccvtoct.o)
 .debug_aranges
                0x0000000000000280       0x20 build/lib/libcommon.a(ccvtuns.o)
 .debug_aranges
                0x00000000000002a0       0x20 build/lib/libcommon.a(ccvtuns0.o)
 .debug_aranges
                0x00000000000002c0       0x20 build/lib/libcommon.a(cmemclr.o)
 .debug_aranges
                0x00000000000002e0       0x20 build/lib/libcommon.a(cmemcpy.o)
 .debug_aranges
                0x0000000000000300       0x20 build/lib/libcommon.a(cmemmove.o)
 .debug_aranges
                0x0000000000000320       0x20 build/lib/libcommon.a(cmemset.o)
 .debug_aranges
                0x0000000000000340       0x20 build/lib/libcommon.a(csprint.o)
 .debug_aranges
                0x0000000000000360       0x20 build/lib/libcommon.a(cstrcmp.o)
 .debug_aranges
                0x0000000000000380       0x20 build/lib/libcommon.a(cstrlen.o)
 .debug_aranges
                0x00000000000003a0       0x20 build/lib/libcommon.a(cpadstr.o)
 .debug_aranges
                0x00000000000003c0       0x20 build/lib/libcommon.a(cpad.o)

.debug_str      0x0000000000000000      0xdbd
 .debug_str     0x0000000000000000       0x36 build/kernel/entry.o
 .debug_str     0x0000000000000036        0xe build/kernel/isrs.o
                                         0x35 (size before relaxing)
 .debug_str     0x0000000000000044      0x48b build/kernel/cio.o
                                        0x511 (size before relaxing)
 .debug_str     0x00000000000004cf      0x1b4 build/kernel/clock.o
                                        0x41d (size before relaxing)
 .debug_str     0x0000000000000683      0x11e build/kernel/kernel.o
                                        0x4d2 (size before relaxing)
 .debug_str     0x00000000000007a1      0x13a build/kernel/kmem.o
                                        0x381 (size before relaxing)
 .debug_str     0x00000000000008db       0x28 build/kernel/list.o
                                        0x163 (size before relaxing)
 .debug_str     0x0000000000000903      0x114 build/kernel/procs.o
                                        0x4cd (size before relaxing)
 .debug_str     0x0000000000000a17       0x94 build/kernel/queues.o
                                        0x2f6 (size before relaxing)
 .debug_str     0x0000000000000aab       0xc6 build/kernel/sio.o
                                        0x4a3 (size before relaxing)
 .debug_str     0x0000000000000b71       0x89 build/kernel/stacks.o
                                        0x3bc (size before relaxing)
 .debug_str     0x0000000000000bfa       0xc7 build/kernel/support.o
                                        0x3af (size before relaxing)
 .debug_str     0x0000000000000cc1       0xba build/kernel/syscalls.o
                                        0x543 (size before relaxing)
 .debug_str     0x0000000000000d7b       0x10 build/lib/libkernel.a(kextras.o)
                                        0x2d4 (size before relaxing)
 .debug_str     0x0000000000000d8b        0xc build/lib/libcommon.a(cblkmov.o)
                                        0x137 (size before relaxing)
 .debug_str     0x0000000000000d97      0x128 build/lib/libcommon.a(cbound.o)
 .debug_str     0x0000000000000d97        0x8 build/lib/libcommon.a(ccvtdec.o)
                                        0x130 (size before relaxing)
 .debug_str     0x0000000000000d9f        0x9 build/lib/libcommon.a(ccvtdec0.o)
                                        0x12a (size before relaxing)
 .debug_str     0x0000000000000da8        0xd build/lib/libcommon.a(ccvthex.o)
                                        0x140 (size before relaxing)
 .debug_str     0x0000000000000db5      0x136 build/lib/libcommon.a(ccvtoct.o)
 .debug_str     0x0000000000000db5        0x8 build/lib/libcommon.a(ccvtuns.o)
                                        0x131 (size before relaxing)
 .debug_str     0x0000000000000dbd      0x13b build/lib/libcommon.a(ccvtuns0.o)
 .debug_str     0x0000000000000dbd      0x130 build/lib/libcommon.a(cmemclr.o)
 .debug_str     0x0000000000000dbd      0x137 build/lib/libcommon.a(cmemcpy.o)
 .debug_str     0x0000000000000dbd      0x138 build/lib/libcommon.a(cmemmove.o)
 .debug_str     0x0000000000000dbd      0x131 build/lib/libcommon.a(cmemset.o)
 .debug_str     0x0000000000000dbd        0x8 build/lib/libcommon.a(csprint.o)
                                        0x167 (size before relaxing)
 .debug_str     0x0000000000000dbd      0x11a build/lib/libcommon.a(cstrcmp.o)
 .debug_str     0x0000000000000dbd      0x123 build/lib/libcommon.a(cstrlen.o)
 .debug_str     0x0000000000000dbd      0x149 build/lib/libcommon.a(cpadstr.o)
 .debug_str     0x0000000000000dbd      0x121 build/lib/libcommon.a(cpad.o)

.debug_rnglists
                0x0000000000000000       0x45
 .debug_rnglists
                0x0000000000000000       0x17 build/kernel/cio.o
 .debug_rnglists
                0x0000000000000017       0x17 build/kernel/clock.o
 .debug_rnglists
                0x000000000000002e       0x17 build/kernel/syscalls.o
